00000000  10000a37  lui x20, 0x10000
00000004  00700093  addi x1, x0, 7
00000008  00500113  addi x2, x0, 5
0000000c  002081b3  add x3, x1, x2
00000010  00302023  sw x3, 0(x0)
00000014  00002203  lw x4, 0(x0)
00000018  003202b3  add x5, x4, x3
0000001c  01800313  addi x6, x0, 24
00000020  02629663  bne x5, x6, fail
00000024  00628663  beq x5, x6, passed
00000028  000a2023  sw x0, 0(x20)
0000002c  0200006f  j fail
00000030  00100393  addi x7, x0, 1
00000034  007a2023  sw x7, 0(x20)
00000038  00100437  lui x8, 0x100
0000003c  fff40413  addi x8, x8, -1
00000040  fe041ee3  bne x8, x0, delay
00000044  00138393  addi x7, x7, 1
00000048  fedff06f  j show
0000004c  03f00393  addi x7, x0, 63
00000050  007a2023  sw x7, 0(x20)
00000054  ff9ff06f  j fail
